ObrInt(EnumOk3,List(IntParam(IdnDef(i)), EnumVar(IdnDef(CarColour),List(EnumConst(IdnDef(Red)), EnumConst(IdnDef(Blue)), EnumConst(IdnDef(Green))))),List(),EnumOk3)
