ObrInt(EnumOk2,List(IntParam(IdnDef(i)), EnumVar(IdnDef(Binary),List(EnumConst(IdnDef(One)), EnumConst(IdnDef(TheOther))))),List(),EnumOk2)
