* _pp.ob
MODULE badeq;

    VAR
        avar : INTEGER;
        bvar : BOOLEAN;

BEGIN
    bvar := avar = bvar;
    bvar := bvar # avar;
    bvar := bvar = TRUE;
    bvar := bvar # FALSE
END badeq.
[3]* errors
[3]8.20: type error: got BOOLEAN, but expected INTEGER
[3]9.13: type error: got BOOLEAN, but expected INTEGER
[3]10.13: type error: got BOOLEAN, but expected INTEGER
[3]10.20: type error: got BOOLEAN, but expected INTEGER
[3]11.13: type error: got BOOLEAN, but expected INTEGER
[3]11.20: type error: got BOOLEAN, but expected INTEGER
