ObrInt(ExcOk1,List(IntParam(i), ExnConst(CountException)),List(),ExcOk1)
