ObrInt(ExcOk6,List(IntParam(i)),List(TryStmt(TryBody(List(AssignStmt(IdnExp(A),SlashExp(IdnExp(B),IdnExp(C))), TryStmt(TryBody(List(AssignStmt(IdnExp(B),SlashExp(IdnExp(C),IdnExp(A))))),List(Catch(DivideByZero,List(RaiseStmt(HaroldWasHere))))))),List(Catch(DivideByZero,List(TryStmt(TryBody(List(AssignStmt(IdnExp(B),IdnExp(A)))),List(Catch(HaroldWasHere,List(RaiseStmt(NoHeWasnt))))), AssignStmt(IdnExp(B),MinusExp(IdnExp(C),IdnExp(A)))))))),ExcOk6)
