ObrInt(ExcOk4,List(IntParam(i)),List(TryStmt(TryBody(List(AssignStmt(IdnExp(A),SlashExp(IdnExp(B),IdnExp(C))), IfStmt(LessExp(IdnExp(A),IntExp(0)),List(RaiseStmt(NegativeError)),List()))),List(Catch(NegativeError,List(WhileStmt(NotEqualExp(IdnExp(A),IdnExp(C)),List(AssignStmt(IdnExp(A),PlusExp(IdnExp(A),IntExp(1))))))), Catch(DivideByZero,List(AssignStmt(IdnExp(A),IntExp(1)), AssignStmt(IdnExp(B),MinusExp(IdnExp(C),IdnExp(A)))))))),ExcOk4)
