[11.7] failure: `DO' expected but `R' found

      Result := 0;

      ^
