8.5: FallOverALot is declared more than once
14.5: Bob is declared more than once
