ObrInt(ExcOk2,List(IntParam(i)),List(RaiseStmt(CountException)),ExcOk2)
