[11.7] failure: keyword "DO" found where variable name expected

      Result := 0;

      ^
