* _pp.ob
MODULE badwhile;

    VAR
        avar : INTEGER;

BEGIN
    WHILE avar DO
        avar := 42
    END
END badwhile.
[3]* errors
[3]7.11: type error: got INTEGER, but expected BOOLEAN
