8.5: CarColour is declared more than once
12.5: Bob is declared more than once
15.41: January is declared more than once
19.29: Ford is declared more than once
