ObrInt(EnumOk1,List(IntParam(i), EnumVar(Single,List(EnumConst(Harold)))),List(),EnumOk1)
