* errors
[1.8] failure: ident expected

MODULE VAR;

       ^
