ObrInt(ExcOk1,List(IntParam(IdnDef(i)), ExnConst(IdnDef(CountException))),List(),ExcOk1)
