ObrInt(ExcOk6,List(IntParam(IdnDef(i))),List(TryStmt(TryBody(List(AssignStmt(IdnExp(IdnUse(A)),SlashExp(IdnExp(IdnUse(B)),IdnExp(IdnUse(C)))), TryStmt(TryBody(List(AssignStmt(IdnExp(IdnUse(B)),SlashExp(IdnExp(IdnUse(C)),IdnExp(IdnUse(A)))))),List(Catch(IdnUse(DivideByZero),List(RaiseStmt(IdnUse(HaroldWasHere)))))))),List(Catch(IdnUse(DivideByZero),List(TryStmt(TryBody(List(AssignStmt(IdnExp(IdnUse(B)),IdnExp(IdnUse(A))))),List(Catch(IdnUse(HaroldWasHere),List(RaiseStmt(IdnUse(NoHeWasnt)))))), AssignStmt(IdnExp(IdnUse(B)),MinusExp(IdnExp(IdnUse(C)),IdnExp(IdnUse(A))))))))),ExcOk6)
