ObrInt(ExcOk4,List(IntParam(IdnDef(i))),List(TryStmt(TryBody(List(AssignStmt(IdnExp(IdnUse(A)),SlashExp(IdnExp(IdnUse(B)),IdnExp(IdnUse(C)))), IfStmt(LessExp(IdnExp(IdnUse(A)),IntExp(0)),List(RaiseStmt(IdnUse(NegativeError))),List()))),List(Catch(IdnUse(NegativeError),List(WhileStmt(NotEqualExp(IdnExp(IdnUse(A)),IdnExp(IdnUse(C))),List(AssignStmt(IdnExp(IdnUse(A)),PlusExp(IdnExp(IdnUse(A)),IntExp(1))))))), Catch(IdnUse(DivideByZero),List(AssignStmt(IdnExp(IdnUse(A)),IntExp(1)), AssignStmt(IdnExp(IdnUse(B)),MinusExp(IdnExp(IdnUse(C)),IdnExp(IdnUse(A))))))))),ExcOk4)
