ObrInt(ExcOk5,List(IntParam(IdnDef(i))),List(TryStmt(TryBody(List(AssignStmt(IdnExp(IdnUse(A)),SlashExp(IdnExp(IdnUse(B)),IdnExp(IdnUse(C)))))),List(Catch(IdnUse(DivideByZero),List(AssignStmt(IdnExp(IdnUse(A)),IntExp(1)), AssignStmt(IdnExp(IdnUse(B)),MinusExp(IdnExp(IdnUse(C)),IdnExp(IdnUse(A))))))))),ExcOk5)
